// Jest Snapshot v1, https://goo.gl/fbAQLP

exports[`ResourceSelector displays resource selector 1`] = `
<div
  class="root topLevelToolbar"
>
  <div
    style="min-width: 100px;"
  >
    <div
      class="breadcrumbs flex"
    />
    <div
      class="flex"
    >
      <span
        class="pageName ellipsis"
        data-testid="page-title"
      >
        A test selector
      </span>
    </div>
  </div>
  <div
    class="actions"
  />
</div>
`;
